
Running quick baseline sanity check (n=2, delta=0.95, mu=0.25)...
  (Uses full convergence criterion — may take 1-3 min)
  Baseline Delta = 0.736  (Calvano target: ~0.85 at baseline)
  Converged: True

============================================================
  Calvano DGP Simulation — D300 Project
============================================================

  Total sessions : 1080
  CPU workers    : 7
  Q-learning iter: 2,000,000
  Mode           : FULL

  Starting simulation...

  Simulation complete in 74.1 minutes
  Computing HQ adoption instrument...

  Dataset shape   : (1080, 12)
  Convergence rate: 60.3%

  Mean Delta by (n, D):
n  D
2  0    0.000
   1    0.573
3  0    0.000
   1    0.439

  Adoption rates by n:
n
2    0.311
3    0.619

  Instrument validity — corr(Z_hq, D):
  0.474  (should be > 0.15 with random chains)

  Dataset saved to: simulation_data.csv
  Columns: ['session_id', 'chain_id', 'n', 'delta', 'mu', 'alpha_lr', 'beta_exp', 'D', 'Delta', 'avg_price', 'converged', 'Z_hq']

Done. Open analysis.R to run the causal inference analysis.
